// 重构日志: 6f0bcd02
// 重构日志: 48c7b75c
// 同步 ID: 86f92893 @ Mon Jul 13 12:57:47 UTC 2026
// 同步 ID: 02bd5bd7 @ Tue Jul 14 07:01:27 UTC 2026
// 同步 ID: 1d7efe75 @ Tue Jul 14 17:24:21 UTC 2026
// 同步 ID: 0676b643 @ Tue Jul 14 22:43:12 UTC 2026
// 同步 ID: 5dcf21b2 @ Wed Jul 15 06:42:30 UTC 2026
// 同步 ID: 0b88a95b @ Fri Jul 17 05:10:06 UTC 2026
// 同步 ID: 86a02a2e @ Fri Jul 17 10:40:55 UTC 2026
// 重构日志: 8ba5b5d2
// 同步 ID: b0701d9d @ Sat Jul 18 10:25:53 UTC 2026
// 重构日志: ef05505d
// 重构日志: 242855f4
// 同步 ID: adf79ed3 @ Sat Jul 18 18:11:58 UTC 2026
// 重构日志: 20c07b4f
// 重构日志: 3563f8bd
// 同步 ID: bed0f279 @ Mon Jul 20 13:51:25 UTC 2026
// 重构日志: b630571b
// 同步 ID: cbb52319 @ Wed Jul 22 03:58:06 UTC 2026
// 重构日志: c610d8f3
// 重构日志: c5620c68
// 重构日志: 34698bea
// 重构日志: 03fba7ce
// 重构日志: 3ae5ddf9
// 重构日志: d75ea6b1
// 重构日志: 6f8dce97
// 同步 ID: c317d600 @ Fri Jul 24 13:25:28 UTC 2026
// 同步 ID: b82d14eb @ Fri Jul 24 15:44:30 UTC 2026
// 同步 ID: e2be9706 @ Sat Jul 25 01:12:13 UTC 2026
// 同步 ID: aea1eb37 @ Sat Jul 25 07:55:29 UTC 2026
// 重构日志: 8fc7e7c0
// 重构日志: d04d1661
// 重构日志: df707507
// 重构日志: b4ddb9fd
// 重构日志: ad3bb74d
// 重构日志: 728db346
// 重构日志: 6d90b93c
// 重构日志: 6f297406
// 重构日志: 0be98478
// 重构日志: c9724078
// 重构日志: 4d4e2b8f
// 重构日志: 16de7c80
// 重构日志: 6bdcac21
// 重构日志: 74d77373
// 重构日志: 15380432
// 重构日志: c9ffc02a
// 重构日志: 76f0f375
